Initial Win CP for (console input, console output, system): (CP936, CP65001, CP936)
I changed them all to CP936
Rc files read:
  NONE
Latexmk: This is Latexmk, John Collins, 15 June 2025. Version 4.87.
Latexmk: applying rule 'pdflatex'...
Rule 'pdflatex':  Reasons for rerun
Changed files or newly in use/created:
  01_introduction.tex
Category 'changed_user':
  01_introduction.tex

------------
Run number 1 of rule 'pdflatex'
------------
------------
Running 'pdflatex  -interaction=nonstopmode -halt-on-error -recorder  "main.tex"'
------------
This is pdfTeX, Version 3.141592653-2.6-1.40.29 (TeX Live 2026) (preloaded format=pdflatex)
 restricted \write18 enabled.
entering extended mode
(./main.tex
LaTeX2e <2025-11-01>
L3 programming layer <2026-01-19>
(./elsarticle.cls
Document Class: elsarticle 2026/01/09, 3.5: Elsevier Ltd
(f:/latexplus/texlive/2026/texmf-dist/tex/latex/base/fontenc.sty)
(f:/latexplus/texlive/2026/texmf-dist/tex/latex/l3kernel/expl3.sty
(f:/latexplus/texlive/2026/texmf-dist/tex/latex/l3backend/l3backend-pdftex.def)
) (f:/latexplus/texlive/2026/texmf-dist/tex/latex/l3packages/xparse/xparse.sty)
 (f:/latexplus/texlive/2026/texmf-dist/tex/latex/etoolbox/etoolbox.sty)
(f:/latexplus/texlive/2026/texmf-dist/tex/latex/base/article.cls
Document Class: article 2025/01/22 v1.4n Standard LaTeX document class
(f:/latexplus/texlive/2026/texmf-dist/tex/latex/base/size10.clo))
(f:/latexplus/texlive/2026/texmf-dist/tex/latex/graphics/graphicx.sty
(f:/latexplus/texlive/2026/texmf-dist/tex/latex/graphics/keyval.sty)
(f:/latexplus/texlive/2026/texmf-dist/tex/latex/graphics/graphics.sty
(f:/latexplus/texlive/2026/texmf-dist/tex/latex/graphics/trig.sty)
(f:/latexplus/texlive/2026/texmf-dist/tex/latex/graphics-cfg/graphics.cfg)
(f:/latexplus/texlive/2026/texmf-dist/tex/latex/graphics-def/pdftex.def)))
(./main.spl) (f:/latexplus/texlive/2026/texmf-dist/tex/latex/natbib/natbib.sty)
(f:/latexplus/texlive/2026/texmf-dist/tex/latex/geometry/geometry.sty
(f:/latexplus/texlive/2026/texmf-dist/tex/generic/iftex/ifvtex.sty
(f:/latexplus/texlive/2026/texmf-dist/tex/generic/iftex/iftex.sty)))
(f:/latexplus/texlive/2026/texmf-dist/tex/latex/base/fleqn.clo))
(f:/latexplus/texlive/2026/texmf-dist/tex/latex/txfonts/txfonts.sty)
(f:/latexplus/texlive/2026/texmf-dist/tex/latex/base/fontenc.sty
(f:/latexplus/texlive/2026/texmf-dist/tex/latex/txfonts/t1txr.fd))
(f:/latexplus/texlive/2026/texmf-dist/tex/latex/base/inputenc.sty)
(f:/latexplus/texlive/2026/texmf-dist/tex/latex/amsmath/amsmath.sty
For additional information on amsmath, use the `?' option.
(f:/latexplus/texlive/2026/texmf-dist/tex/latex/amsmath/amstext.sty
(f:/latexplus/texlive/2026/texmf-dist/tex/latex/amsmath/amsgen.sty))
(f:/latexplus/texlive/2026/texmf-dist/tex/latex/amsmath/amsbsy.sty)
(f:/latexplus/texlive/2026/texmf-dist/tex/latex/amsmath/amsopn.sty))
(f:/latexplus/texlive/2026/texmf-dist/tex/latex/amsfonts/amssymb.sty
(f:/latexplus/texlive/2026/texmf-dist/tex/latex/amsfonts/amsfonts.sty))
(f:/latexplus/texlive/2026/texmf-dist/tex/latex/booktabs/booktabs.sty)
(f:/latexplus/texlive/2026/texmf-dist/tex/latex/tools/tabularx.sty
(f:/latexplus/texlive/2026/texmf-dist/tex/latex/tools/array.sty))
(f:/latexplus/texlive/2026/texmf-dist/tex/latex/float/float.sty)
(f:/latexplus/texlive/2026/texmf-dist/tex/latex/placeins/placeins.sty)
(f:/latexplus/texlive/2026/texmf-dist/tex/latex/url/url.sty)
(f:/latexplus/texlive/2026/texmf-dist/tex/latex/microtype/microtype.sty
(f:/latexplus/texlive/2026/texmf-dist/tex/latex/microtype/microtype-pdftex.def)
(f:/latexplus/texlive/2026/texmf-dist/tex/latex/microtype/microtype.cfg))
(./main.aux) (f:/latexplus/texlive/2026/texmf-dist/tex/latex/txfonts/omltxmi.fd
) (f:/latexplus/texlive/2026/texmf-dist/tex/latex/txfonts/omstxsy.fd)
(f:/latexplus/texlive/2026/texmf-dist/tex/latex/txfonts/omxtxex.fd)
(f:/latexplus/texlive/2026/texmf-dist/tex/latex/txfonts/utxexa.fd)
(f:/latexplus/texlive/2026/texmf-dist/tex/context/base/mkii/supp-pdf.mkii
[Loading MPS to PDF converter (version 2006.09.02).]
)
(f:/latexplus/texlive/2026/texmf-dist/tex/latex/epstopdf-pkg/epstopdf-base.sty
(f:/latexplus/texlive/2026/texmf-dist/tex/latex/latexconfig/epstopdf-sys.cfg))
*geometry* driver: auto-detecting
*geometry* detected driver: pdftex
(f:/latexplus/texlive/2026/texmf-dist/tex/latex/microtype/mt-ptm.cfg)
(f:/latexplus/texlive/2026/texmf-dist/tex/latex/txfonts/ot1txr.fd)
(f:/latexplus/texlive/2026/texmf-dist/tex/latex/txfonts/utxmia.fd)
(f:/latexplus/texlive/2026/texmf-dist/tex/latex/amsfonts/umsa.fd)
(f:/latexplus/texlive/2026/texmf-dist/tex/latex/microtype/mt-msa.cfg)
(f:/latexplus/texlive/2026/texmf-dist/tex/latex/amsfonts/umsb.fd)
(f:/latexplus/texlive/2026/texmf-dist/tex/latex/microtype/mt-msb.cfg)
(f:/latexplus/texlive/2026/texmf-dist/tex/latex/txfonts/utxsyc.fd)
(./01_introduction.tex [1{f:/latexplus/texlive/2026/texmf-var/fonts/map/pdftex/
updmap/pdftex.map}{f:/latexplus/texlive/2026/texmf-dist/fonts/enc/dvips/base/8r
.enc}{f:/latexplus/texlive/2026/texmf-dist/fonts/enc/dvips/cm-super/cm-super-t1
.enc}]) (./02_methods.tex [2 <./fig1.jpg>] [3 <./fig2.png>] [4] [5 <./fig3.png>
]) (./03_experimental_design.tex
Underfull \hbox (badness 10000) in paragraph at lines 26--26
[]|\T1/txr/m/n/7 (+20) A: Fixed-parameter

Underfull \hbox (badness 10000) in paragraph at lines 26--26
[]|\T1/txr/m/n/7 (+20) B: Manual-selection

Underfull \hbox (badness 10000) in paragraph at lines 26--26
[]|\T1/txr/m/n/7 (+20) C: Joint parameter-

Underfull \hbox (badness 1231) in paragraph at lines 26--26
[]|\T1/txr/m/n/7 (+20) E: Impedance-only re-
[6] [7]) (./04_results.tex [8] [9 <./fig5.png>]) (./05_discussion.tex [10 <./fi
g6.png>] [11 <./fig7.png> <./fig8.png>] [12 <./fig9.png>]) (./06_conclusion.tex
) (./declarations.tex [13]) (./main.bbl
Underfull \hbox (badness 4752) in paragraph at lines 22--26
[]\T1/txr/m/n/8 (+20) N. Hogan, Impedance con-trol: An ap-proach to ma-nip-u-la
-tion:

Underfull \hbox (badness 2744) in paragraph at lines 22--26
\T1/txr/m/n/8 (+20) Part I---theory, J Dyn Syst Meas Con-trol 107 (1) (1985) 1-
-7.

Underfull \hbox (badness 4518) in paragraph at lines 28--32
[]\T1/txr/m/n/8 (+20) K. Kro-nan-der, A. Bil-lard, Sta-bil-ity con-sid-er-a-tio
ns for vari-able

Underfull \hbox (badness 2393) in paragraph at lines 28--32
\T1/txr/m/n/8 (+20) impedance con-trol, IEEE Trans Robot 32 (5) (2016) 1298--30
5.

Underfull \hbox (badness 1810) in paragraph at lines 40--45
\T1/txr/m/n/8 (+20) tele-op-er-a-tion, in: Pro-ceed-ings of the IEEE In-ter-na-
tional Con-fer-

Underfull \hbox (badness 2790) in paragraph at lines 40--45
\T1/txr/m/n/8 (+20) ence on Robotics and Au-toma-tion (ICRA), 2010, pp. 5352--5
7.

Underfull \hbox (badness 1635) in paragraph at lines 101--106
\T1/txr/m/n/8 (+20) frame-work for ef-fec-tively com-bin-ing vi-sion and force 
sens-ing in

Underfull \hbox (badness 4316) in paragraph at lines 101--106
\T1/txr/m/n/8 (+20) fea-ture space, IEEE Robot Au-tom Lett 6 (3) (2021) 4441--8
.

Underfull \hbox (badness 1533) in paragraph at lines 130--135
[]\T1/txr/m/n/8 (+20) W. Li, F. Huang, Z. Chen, Z. Chen, Automatic-switching-ba
sed

Underfull \hbox (badness 2689) in paragraph at lines 130--135
\T1/txr/m/n/8 (+20) tele-op-er-a-tion frame-work for mo-bile ma-nip-u-la-tor wi
th asym-met-ri-

Underfull \hbox (badness 1092) in paragraph at lines 137--142
\T1/txr/m/n/8 (+20) Pas-sive ar-bi-tra-tion in adap-tive shared con-trol of rob
ots with vari-

Underfull \hbox (badness 1472) in paragraph at lines 137--142
\T1/txr/m/n/8 (+20) able force and stiff-ness scal-ing, Mecha-tron-ics 90 (2023
) 102930.
) [14] (./main.aux) )
(see the transcript file for additional information)<f:/latexplus/texlive/2026/
texmf-dist/fonts/type1/public/amsfonts/symbols/msbm10.pfb><f:/latexplus/texlive
/2026/texmf-dist/fonts/type1/public/txfonts/rtxb.pfb><f:/latexplus/texlive/2026
/texmf-dist/fonts/type1/public/txfonts/rtxmi.pfb><f:/latexplus/texlive/2026/tex
mf-dist/fonts/type1/public/txfonts/rtxr.pfb><f:/latexplus/texlive/2026/texmf-di
st/fonts/type1/public/cm-super/sftt0800.pfb><f:/latexplus/texlive/2026/texmf-di
st/fonts/type1/public/cm-super/sftt1000.pfb><f:/latexplus/texlive/2026/texmf-di
st/fonts/type1/public/txfonts/txex.pfb><f:/latexplus/texlive/2026/texmf-dist/fo
nts/type1/public/txfonts/txsy.pfb><f:/latexplus/texlive/2026/texmf-dist/fonts/t
ype1/urw/times/utmb8a.pfb><f:/latexplus/texlive/2026/texmf-dist/fonts/type1/urw
/times/utmr8a.pfb><f:/latexplus/texlive/2026/texmf-dist/fonts/type1/urw/times/u
tmri8a.pfb>
Output written on main.pdf (14 pages, 1645656 bytes).
Transcript written on main.log.
Latexmk: Getting log file 'main.log'
Latexmk: Examining 'main.fls'
Latexmk: Examining 'main.log'
Latexmk: Found input bbl file 'main.bbl'
Latexmk: Found input bbl file 'main.bbl'
Latexmk: Log file says output to 'main.pdf'
  ===Source file 'main.bbl' for 'pdflatex'
Latexmk: Using bibtex to make bibliography file(s).
Latexmk: Found bibliography file(s):
  ./references.bib
Latexmk: All targets (main.pdf) are up-to-date

Reverting Windows console CPs to (in,out) = (936,65001)
